../Core/Src/main.c:126:6:HAL_TIM_PeriodElapsedCallback	16	static
../Core/Src/main.c:141:6:HAL_SPI_RxCpltCallback	16	static
../Core/Src/main.c:159:5:main	56	static
../Core/Src/main.c:251:6:SystemClock_Config	88	static
../Core/Src/main.c:298:13:MX_I2C1_Init	8	static
../Core/Src/main.c:332:13:MX_SPI2_Init	8	static
../Core/Src/main.c:370:13:MX_SPI3_Init	8	static
../Core/Src/main.c:407:13:MX_TIM2_Init	32	static
../Core/Src/main.c:452:13:MX_GPIO_Init	48	static
../Core/Src/main.c:481:6:SPI3_IRQHandler	8	static
../Core/Src/main.c:491:6:Error_Handler	4	static,ignoring_inline_asm
